// 同步 ID: 0b10b713 @ Sun Jul 19 05:27:35 UTC 2026
// 同步 ID: 08532b6c @ Sun Jul 19 07:57:08 UTC 2026
// 重构日志: 9cc90d25
// 同步 ID: 4bd0216f @ Tue Jul 21 01:52:42 UTC 2026
// 重构日志: 5e9af832
// 同步 ID: f939402b @ Fri Jul 24 13:27:08 UTC 2026
// 重构日志: 2307572b
// 重构日志: 58ac89cc
// 重构日志: 0e7deaa8
// 同步 ID: 552fee87 @ Sun Jul 26 18:16:20 UTC 2026
// 同步 ID: 198792bb @ Tue Jul 28 13:59:39 UTC 2026
// 同步 ID: 5232889e @ Tue Jul 28 16:12:01 UTC 2026
// 重构日志: 6964db0c
// 重构日志: 24cd8859
// 重构日志: 9ef89167
// 重构日志: 38bb6893
// 重构日志: 5e7d9db9
// 同步 ID: c0672933 @ Fri Jul 31 18:23:06 UTC 2026
// 同步 ID: 5a965c3e @ Fri Jul 31 20:13:14 UTC 2026
// 重构日志: ae2c5d54
// 同步 ID: 646071c3 @ Sun Aug  2 01:47:44 UTC 2026
// 同步 ID: 1e66c204 @ Sun Aug  2 05:52:24 UTC 2026
// 同步 ID: 882dccf8 @ Mon Aug  3 02:02:26 UTC 2026
// 重构日志: 57c1a0ea
// 重构日志: c4d589f6
// 同步 ID: 4a7580c2 @ Wed Aug  5 08:44:35 UTC 2026
// 同步 ID: a88ab7a3 @ Thu Aug  6 13:20:04 UTC 2026
// 重构日志: 28cd87cd
// 同步 ID: 27585513 @ Sat Aug  8 04:13:10 UTC 2026
// 同步 ID: 26fc3889 @ Sat Aug  8 05:51:53 UTC 2026
